
3-say_my_name.py

"""

Import module in mode interactive:

>>> say_my_name = __import__('3-say_my_name').say_my_name


Say my name:

>>> say_my_name("sofien", "hafdhi")
My name is sofien hafdhi


last name is NaN:

say_my_name("sofien", 0)
Traceback (most recent call last):
TypeError: last_name must be a string


first name is Nan:

>>> say_my_name(1,"hafdhi")
Traceback (most recent call last):
TypeError: first_name must be a string


no last name:

>>> say_my_name("sofien", "")
My name is sofien


no first name:

>>> say_my_name("", "hafdhi")
My name is  hafdhi


missing arguments:

>>> say_my_name()
Traceback (most recent call last):
TypeError: say_my_name() missing 1 required positional argument: 'first_name'


"""
